Microchip MPLAB XC8 Compiler V2.40

Linker command line:

-W-3 \
  --edf=C:\Program Files\Microchip\xc8\v2.40\pic\dat\20220703182018_en.msgs \
  -cn -h+dist/default/production\Lab06.X.production.sym \
  --cmf=dist/default/production\Lab06.X.production.cmf -z -Q18F4550 \
  -oC:\Users\ADMINI~1\AppData\Local\Temp\xcAs15s.4 --defsym=__MPLAB_BUILD=1 \
  --fixupoverflow=error -Mdist/default/production/Lab06.X.production.map \
  --md=C:\Users\ADMINI~1\AppData\Local\Temp\xcAs15s.dat -E1 \
  -ver=XC8 Compiler --acfsm=1493 -ACODE=00h-07FFFh -ACONST=00h-07FFFh \
  -ASMALLCONST=0800h-08FFhx120 -AMEDIUMCONST=0800h-07FFFh -ACOMRAM=01h-05Fh \
  -AABS1=00h-07FFh -ABIGRAM=01h-07FFh -ARAM=060h-0FFh,0100h-01FFhx7 \
  -ABANK0=060h-0FFh -ABANK1=0100h-01FFh -ABANK2=0200h-02FFh \
  -ABANK3=0300h-03FFh -ABANK4=0400h-04FFh -ABANK5=0500h-05FFh \
  -ABANK6=0600h-06FFh -ABANK7=0700h-07FFh -ASFR=0F60h-0FFFh \
  -ABIGSFR=0F60h-0FFFh -ACONFIG=0300000h-030000Dh -AIDLOC=0200000h-0200007h \
  -AEEDATA=0F00000h-0F000FFh -peeprom_data=EEDATA \
  -preset_vec=00h,intcode,intcodelo,powerup,init -pramtop=0800h \
  -psmallconst=SMALLCONST -pmediumconst=MEDIUMCONST -pconst=CONST \
  -AFARRAM=00h-00h \
  -prdata=COMRAM,nvrram=COMRAM,nvbit=COMRAM,rbss=COMRAM,rbit=COMRAM \
  -pfarbss=FARRAM,fardata=FARRAM,nvFARRAM=FARRAM \
  -pintsave_regs=BIGRAM,bigbss=BIGRAM,bigdata=BIGRAM -pbss=RAM \
  -pidata=CODE,irdata=CODE,ibigdata=CODE,ifardata=CODE -prparam=COMRAM \
  C:\Users\ADMINI~1\AppData\Local\Temp\xcAs15s.o \
  dist/default/production\Lab06.X.production.o 

Object code version is 3.11

Machine type is 18F4550



                Name                               Link     Load   Length Selector   Space Scale
C:\Users\ADMINI~1\AppData\Local\Temp\xcAs15s.o
                idloc                            200000   200000        8        0       5
                config                           300000   300000        E        0       4
                init                                  0        0        4        0       0
dist/default/production\Lab06.X.production.o
                idloc                            200000   200000        8        0       5
                config                           300000   300000        E        0       4
                smallconst                          800      800       22      400       0
                text15                             140C     140C        C      411       0
                text14                             1396     1396       2C      411       0
                text13                             12BC     12BC       3E      411       0
                text12                             12FA     12FA       38      411       0
                text11                             10EE     10EE       C4      411       0
                text10                             13C2     13C2       26      411       0
                text9                               F28      F28       FA      411       0
                text8                              11B2     11B2       72      411       0
                text7                              1368     1368       2E      411       0
                text6                              1224     1224       50      411       0
                text5                              1332     1332       36      411       0
                text4                              1022     1022       CC      411       0
                text3                              1274     1274       48      411       0
                text2                               822      822      3A4      411       0
                text1                              13E8     13E8       24      411       0
                text0                               BC6      BC6      362      411       0
                cstackCOMRAM                          1        1       18        1       1
                cinit                              1418     1418        A      411       0

TOTAL           Name                               Link     Load   Length     Space
        CLASS   CODE           
                init                                  0        0        4         0
                text15                             140C     140C        C         0
                text14                             1396     1396       2C         0
                text13                             12BC     12BC       3E         0
                text12                             12FA     12FA       38         0
                text11                             10EE     10EE       C4         0
                text10                             13C2     13C2       26         0
                text9                               F28      F28       FA         0
                text8                              11B2     11B2       72         0
                text7                              1368     1368       2E         0
                text6                              1224     1224       50         0
                text5                              1332     1332       36         0
                text4                              1022     1022       CC         0
                text3                              1274     1274       48         0
                text2                               822      822      3A4         0
                text1                              13E8     13E8       24         0
                text0                               BC6      BC6      362         0
                cinit                              1418     1418        A         0

        CLASS   CONST          

        CLASS   SMALLCONST     
                smallconst                          800      800       22         0

        CLASS   MEDIUMCONST    

        CLASS   COMRAM         
                cstackCOMRAM                          1        1       18         1

        CLASS   ABS1           

        CLASS   BIGRAM         

        CLASS   RAM            

        CLASS   BANK0          

        CLASS   BANK1          

        CLASS   BANK2          

        CLASS   BANK3          

        CLASS   BANK4          

        CLASS   BANK5          

        CLASS   BANK6          

        CLASS   BANK7          

        CLASS   SFR            

        CLASS   BIGSFR         

        CLASS   CONFIG         
                config                           300000   300000        E         4

        CLASS   IDLOC          
                idloc                            200000   200000        8         5

        CLASS   EEDATA         

        CLASS   FARRAM         

        CLASS   HEAP           

        CLASS   STACK          



SEGMENTS        Name                           Load    Length   Top    Selector   Space  Class

                reset_vec                      000000  000004  000004         0       0  CODE    
                cstackCOMRAM                   000001  000018  000019         1       1  COMRAM  
                smallconst                     000800  000022  000822       400       0  SMALLCON
                text2                          000822  000C00  001422       411       0  CODE    


UNUSED ADDRESS RANGES

        Name                Unused          Largest block    Delta
        BANK0            000060-0000FF               A0
        BANK1            000100-0001FF              100
        BANK2            000200-0002FF              100
        BANK3            000300-0003FF              100
        BANK4            000400-0004FF              100
        BANK5            000500-0005FF              100
        BANK6            000600-0006FF              100
        BANK7            000700-0007FF              100
        BIGRAM           000019-0007FF              7E7
        BIGSFR           000F60-000FFF               A0
        CODE             000004-0007FF              7FC
                         001422-007FFF             6BDE
        COMRAM           000019-00005F               47
        CONST            000004-0007FF              7FC
                         001422-007FFF             6BDE
        EEDATA           F00000-F000FF              100
        MEDIUMCONST      001422-007FFF             6BDE
        RAM              000060-0007FF              100
        SFR              000F60-000FFF               A0
        SMALLCONST       001422-007FFF              100

                                  Symbol Table

?___awdiv                  cstackCOMRAM 000001
?___wmul                   cstackCOMRAM 000001
?_char2num                 cstackCOMRAM 000001
?_num2char                 cstackCOMRAM 000001
LCDGoto@ln                 cstackCOMRAM 000005
LCDGoto@pos                cstackCOMRAM 00000A
LCDPutChar@ch              cstackCOMRAM 000004
LCDPutCmd@ch               cstackCOMRAM 000004
LCDPutStr@i                cstackCOMRAM 000009
LCDPutStr@str              cstackCOMRAM 000005
LCDWriteNibble@ch          cstackCOMRAM 000002
LCDWriteNibble@rs          cstackCOMRAM 000001
_InitKeypad                text15       00140C
_LCDGoto                   text8        0011B2
_LCDGoto$176               cstackCOMRAM 000008
_LCDPutChar                text7        001368
_LCDPutCmd                 text13       0012BC
_LCDPutStr                 text6        001224
_LCDWriteNibble            text14       001396
_LCD_Initialize            text12       0012FA
_OSCCON                    (abs)        000FD3
_PORTB                     (abs)        000F81
_PORTD                     (abs)        000F83
_PORTDbits                 (abs)        000F83
_RB0                       (abs)        007C08
_RB1                       (abs)        007C09
_RB2                       (abs)        007C0A
_RB3                       (abs)        007C0B
_RB4                       (abs)        007C0C
_RB5                       (abs)        007C0D
_RB6                       (abs)        007C0E
_RB7                       (abs)        007C0F
_RBPU                      (abs)        007F8F
_TRISB                     (abs)        000F93
_TRISD                     (abs)        000F95
__HRAM                     (abs)        000000
__Habs1                    abs1         000000
__Hbank0                   bank0        000000
__Hbank1                   bank1        000000
__Hbank2                   bank2        000000
__Hbank3                   bank3        000000
__Hbank4                   bank4        000000
__Hbank5                   bank5        000000
__Hbank6                   bank6        000000
__Hbank7                   bank7        000000
__Hbigbss                  bigbss       000000
__Hbigdata                 bigdata      000000
__Hbigram                  bigram       000000
__Hbigsfr                  bigsfr       000000
__Hbss                     bss          000000
__Hcinit                   cinit        000000
__Hclrtext                 clrtext      000000
__Hcomram                  comram       000000
__Hconfig                  config       30000E
__Hconst                   const        000000
__HcstackCOMRAM            cstackCOMRAM 000000
__Hdata                    data         000000
__Heeprom_data             eeprom_data  000000
__Hfarbss                  farbss       000000
__Hfardata                 fardata      000000
__Hheap                    heap         000000
__Hibigdata                ibigdata     000000
__Hidata                   idata        000000
__Hidloc                   idloc        200008
__Hifardata                ifardata     000000
__Hinit                    init         000004
__Hintcode                 intcode      000000
__Hintcode_body            intcode_body 000000
__Hintcodelo               intcodelo    000000
__Hintentry                intentry     000000
__Hintret                  intret       000000
__Hintsave_regs            intsave_regs 000000
__Hirdata                  irdata       000000
__Hmediumconst             mediumconst  000000
__HnvFARRAM                nvFARRAM     000000
__Hnvbit                   nvbit        000000
__Hnvrram                  nvrram       000000
__Hparam                   rparam       000000
__Hpowerup                 powerup      000000
__Hram                     ram          000000
__Hramtop                  ramtop       000800
__Hrbit                    rbit         000000
__Hrbss                    rbss         000000
__Hrdata                   rdata        000000
__Hreset_vec               reset_vec    000000
__Hrparam                  rparam       000000
__Hsfr                     sfr          000000
__Hsmallconst              smallconst   000822
__Hspace_0                 (abs)        001422
__Hspace_1                 (abs)        000019
__Hspace_2                 (abs)        000000
__Hspace_4                 (abs)        60000E
__Hstack                   stack        000000
__Hstruct                  struct       000000
__Htemp                    temp         000000
__Htext                    text         000000
__Htext0                   text0        000000
__Htext1                   text1        000000
__Htext10                  text10       000000
__Htext11                  text11       000000
__Htext12                  text12       000000
__Htext13                  text13       000000
__Htext14                  text14       000000
__Htext15                  text15       000000
__Htext2                   text2        000000
__Htext3                   text3        000000
__Htext4                   text4        000000
__Htext5                   text5        000000
__Htext6                   text6        000000
__Htext7                   text7        000000
__Htext8                   text8        000000
__Htext9                   text9        000000
__LRAM                     (abs)        000001
__Labs1                    abs1         000000
__Lbank0                   bank0        000000
__Lbank1                   bank1        000000
__Lbank2                   bank2        000000
__Lbank3                   bank3        000000
__Lbank4                   bank4        000000
__Lbank5                   bank5        000000
__Lbank6                   bank6        000000
__Lbank7                   bank7        000000
__Lbigbss                  bigbss       000000
__Lbigdata                 bigdata      000000
__Lbigram                  bigram       000000
__Lbigsfr                  bigsfr       000000
__Lbss                     bss          000000
__Lcinit                   cinit        000000
__Lclrtext                 clrtext      000000
__Lcomram                  comram       000000
__Lconfig                  config       000000
__Lconst                   const        000000
__LcstackCOMRAM            cstackCOMRAM 000000
__Ldata                    data         000000
__Leeprom_data             eeprom_data  000000
__Lfarbss                  farbss       000000
__Lfardata                 fardata      000000
__Lheap                    heap         000000
__Libigdata                ibigdata     000000
__Lidata                   idata        000000
__Lidloc                   idloc        000000
__Lifardata                ifardata     000000
__Linit                    init         000000
__Lintcode                 intcode      000000
__Lintcode_body            intcode_body 000000
__Lintcodelo               intcodelo    000000
__Lintentry                intentry     000000
__Lintret                  intret       000000
__Lintsave_regs            intsave_regs 000000
__Lirdata                  irdata       000000
__Lmediumconst             mediumconst  000000
__LnvFARRAM                nvFARRAM     000000
__Lnvbit                   nvbit        000000
__Lnvrram                  nvrram       000000
__Lparam                   rparam       000000
__Lpowerup                 powerup      000000
__Lram                     ram          000000
__Lramtop                  ramtop       000800
__Lrbit                    rbit         000000
__Lrbss                    rbss         000000
__Lrdata                   rdata        000000
__Lreset_vec               reset_vec    000000
__Lrparam                  rparam       000000
__Lsfr                     sfr          000000
__Lsmallconst              smallconst   000800
__Lspace_0                 (abs)        000000
__Lspace_1                 (abs)        000000
__Lspace_2                 (abs)        000000
__Lspace_4                 (abs)        000000
__Lstack                   stack        000000
__Lstruct                  struct       000000
__Ltemp                    temp         000000
__Ltext                    text         000000
__Ltext0                   text0        000000
__Ltext1                   text1        000000
__Ltext10                  text10       000000
__Ltext11                  text11       000000
__Ltext12                  text12       000000
__Ltext13                  text13       000000
__Ltext14                  text14       000000
__Ltext15                  text15       000000
__Ltext2                   text2        000000
__Ltext3                   text3        000000
__Ltext4                   text4        000000
__Ltext5                   text5        000000
__Ltext6                   text6        000000
__Ltext7                   text7        000000
__Ltext8                   text8        000000
__Ltext9                   text9        000000
__S0                       (abs)        001422
__S1                       (abs)        000019
__S4                       (abs)        000000
__S5                       (abs)        000000
___awdiv                   text11       0010EE
___awdiv@counter           cstackCOMRAM 000005
___awdiv@dividend          cstackCOMRAM 000001
___awdiv@divisor           cstackCOMRAM 000003
___awdiv@quotient          cstackCOMRAM 000007
___awdiv@sign              cstackCOMRAM 000006
___heap_hi                 (abs)        000000
___heap_lo                 (abs)        000000
___inthi_sp                stack        000000
___intlo_sp                stack        000000
___param_bank              (abs)        000000
___rparam_used             (abs)        000001
___sp                      stack        000000
___wmul                    text10       0013C2
___wmul@multiplicand       cstackCOMRAM 000003
___wmul@multiplier         cstackCOMRAM 000001
___wmul@product            cstackCOMRAM 000005
__accesstop                (abs)        000060
__activetblptr             (abs)        000002
__end_of_InitKeypad        text15       001418
__end_of_LCDGoto           text8        001224
__end_of_LCDPutChar        text7        001396
__end_of_LCDPutCmd         text13       0012FA
__end_of_LCDPutStr         text6        001274
__end_of_LCDWriteNibble    text14       0013C2
__end_of_LCD_Initialize    text12       001332
__end_of___awdiv           text11       0011B2
__end_of___wmul            text10       0013E8
__end_of__initialization   cinit        001418
__end_of_char2num          text9        001022
__end_of_keypad_scanner    text2        000BC6
__end_of_main              text0        000F28
__end_of_num2char          text4        0010EE
__end_of_printERROR        text5        001368
__end_of_result            text3        0012BC
__end_of_switch_press_scan text1        00140C
__initialization           cinit        001418
__mediumconst              mediumconst  000000
__pcinit                   cinit        001418
__pcstackCOMRAM            cstackCOMRAM 000001
__psmallconst              smallconst   000800
__ptext0                   text0        000BC6
__ptext1                   text1        0013E8
__ptext10                  text10       0013C2
__ptext11                  text11       0010EE
__ptext12                  text12       0012FA
__ptext13                  text13       0012BC
__ptext14                  text14       001396
__ptext15                  text15       00140C
__ptext2                   text2        000822
__ptext3                   text3        001274
__ptext4                   text4        001022
__ptext5                   text5        001332
__ptext6                   text6        001224
__ptext7                   text7        001368
__ptext8                   text8        0011B2
__ptext9                   text9        000F28
__ramtop                   ramtop       000800
__smallconst               smallconst   000800
_char2num                  text9        000F28
_keypad_scanner            text2        000822
_main                      text0        000BC6
_num2char                  text4        001022
_printERROR                text5        001332
_result                    text3        001274
_switch_press_scan         text1        0013E8
char2num@ch                cstackCOMRAM 000005
char2num@num               cstackCOMRAM 000006
end_of_initialization      cinit        001418
intlevel0                  text         000000
intlevel1                  text         000000
intlevel2                  text         000000
intlevel3                  text         000000
isa$std                    (abs)        000001
isa$xinst                  (abs)        000000
main@key                   cstackCOMRAM 000013
main@key_math              cstackCOMRAM 000014
main@key_res               cstackCOMRAM 000011
main@key_right             cstackCOMRAM 000010
main@leftnum               cstackCOMRAM 000015
main@math                  cstackCOMRAM 000012
main@rightnum              cstackCOMRAM 000017
num2char@ch                cstackCOMRAM 000001
num2char@num               cstackCOMRAM 000005
result@TenthDigit          cstackCOMRAM 00000D
result@numb                cstackCOMRAM 00000B
stackhi                    (abs)        000000
stacklo                    (abs)        000000
start                      init         000000
start_initialization       cinit        001418
switch_press_scan@key      cstackCOMRAM 000003


MODULE INFORMATION

Module		Function		Class		Link	Load	Size
C:\Program Files\Microchip\xc8\v2.40\pic\sources\c99\common\awdiv.c
		___awdiv       		CODE           	10EE	0000	196

C:\Program Files\Microchip\xc8\v2.40\pic\sources\c99\common\awdiv.c estimated size: 196

C:\Program Files\Microchip\xc8\v2.40\pic\sources\c99\common\Umul16.c
		___wmul        		CODE           	13C2	0000	38

C:\Program Files\Microchip\xc8\v2.40\pic\sources\c99\common\Umul16.c estimated size: 38

Lab06.c
		_LCDPutCmd     		CODE           	12BC	0000	62
		_LCDPutStr     		CODE           	1224	0000	80
		_LCDPutChar    		CODE           	1368	0000	46
		_char2num      		CODE           	0F28	0000	250
		_num2char      		CODE           	1022	0000	204
		_main          		CODE           	0BC6	0000	866
		_LCD_Initialize		CODE           	12FA	0000	56
		_LCDWriteNibble		CODE           	1396	0000	44
		_InitKeypad    		CODE           	140C	0000	12
		_LCDGoto       		CODE           	11B2	0000	114
		_switch_press_scan		CODE           	13E8	0000	36
		_printERROR    		CODE           	1332	0000	54
		_result        		CODE           	1274	0000	72
		_keypad_scanner		CODE           	0822	0000	932

Lab06.c estimated size: 2828

shared
		__initialization		CODE           	1418	0000	1

shared estimated size: 1

